// Jest Snapshot v1, https://goo.gl/fbAQLP

exports[`ItemList Component highlighting items that are almost out of stock with snapshot 1`] = `
.c0 {
  font-weight: bold;
  color: red;
  -webkit-animation: eXmVxM 2s infinite;
  animation: eXmVxM 2s infinite;
}

<li
  class="c0"
>
  cheesecake - Quantity: 2
</li>
`;

exports[`ItemList Component highlighting items that are almost out of stock with snapshot 2`] = `
.c0 {
  font-weight: normal;
  color: black;
}

<li
  class="c0"
>
  macaroon - Quantity: 96
</li>
`;
